alghisi@pop-os:~/GitHub/Hostapd-test/ESP32/Src/ESP32-IDF/station$ export IDF_PATH=/home/alghisi/esp/esp-idf
/home/alghisi/esp/.Espressif/.espressif/python_envalghisi@pop-os:~/GitHub/Hostapd-test/ESP32/Src/ESP32-IDF/station$ /home/alghisi/esp/.Espressif/.espressif/python_env/idf5.1_py3.10_env/bin/python /home/alghisi/esp/esp-idf/tools/idf_monitor.py -p /dev/ttyUSB0 -b 115200 --toolchain-prefix xtensa-esp32-elf- --target esp32 /home/alghisi/GitHub/Hostapd-test/ESP32/Src/ESP32-IDF/station/build/wifi_station.elf
--- esp-idf-monitor 1.3.4 on /dev/ttyUSB0 115200 ---
--- Quit: Ctrl+] | Menu: Ctrl+T | Help: Ctrl+T followed by Ctrl+H ---
ets Jun  8 2016 00:22:57

rst:0x1 (POWERON_RESET),boot:0x13 (SPI_FAST_FLASH_BOOT)
configsip: 0, SPIWP:0xee
clk_drv:0x00,q_drv:0x00,d_drv:0x00,cs0_drv:0x00,hd_drv:0x00,wp_drv:0x00
mode:DIO, clock div:2
load:0x3fff0030,len:7084
ho 0 tail 12 room 4
load:0x40078000,len:15584
load:0x40080400,len:4
0x40080400: _init at ??:?

load:0x40080404,len:3876
entry 0x4008064c
I (30) boot: ESP-IDF v5.1.2-dirty 2nd stage bootloader
I (30) boot: compile time Dec 22 2023 15:44:56
I (30) boot: Multicore bootloader
I (35) boot: chip revision: v1.0
I (39) boot.esp32: SPI Speed      : 40MHz
I (43) boot.esp32: SPI Mode       : DIO
I (48) boot.esp32: SPI Flash Size : 2MB
I (52) boot: Enabling RNG early entropy source...
I (58) boot: Partition Table:
I (61) boot: ## Label            Usage          Type ST Offset   Length
I (69) boot:  0 nvs              WiFi data        01 02 00009000 00006000
I (76) boot:  1 phy_init         RF data          01 01 0000f000 00001000
I (84) boot:  2 factory          factory app      00 00 00010000 00100000
I (91) boot: End of partition table
I (95) esp_image: segment 0: paddr=00010020 vaddr=3f400020 size=1f4c4h (128196) map
I (150) esp_image: segment 1: paddr=0002f4ec vaddr=3ffb0000 size=00b2ch (  2860) load
I (152) esp_image: segment 2: paddr=00030020 vaddr=400d0020 size=80de0h (527840) map
I (346) esp_image: segment 3: paddr=000b0e08 vaddr=3ffb0b2c size=02f50h ( 12112) load
I (351) esp_image: segment 4: paddr=000b3d60 vaddr=40080000 size=15c3ch ( 89148) load
I (400) boot: Loaded app from partition at offset 0x10000
I (400) boot: Disabling RNG early entropy source...
I (412) cpu_start: Multicore app
I (412) cpu_start: Pro cpu up.
I (412) cpu_start: Starting app cpu, entry point is 0x40081390
0x40081390: call_start_cpu1 at /home/alghisi/esp/esp-idf/components/esp_system/port/cpu_start.c:157

I (0) cpu_start: App cpu up.
I (430) cpu_start: Pro cpu start user code
I (430) cpu_start: cpu freq: 160000000 Hz
I (430) cpu_start: Application information:
I (435) cpu_start: Project name:     wifi_station
I (440) cpu_start: App version:      5bda74b-dirty
I (446) cpu_start: Compile time:     Dec 22 2023 15:44:41
I (452) cpu_start: ELF file SHA256:  70c15aa39bc338e6...
I (458) cpu_start: ESP-IDF:          v5.1.2-dirty
I (463) cpu_start: Min chip rev:     v0.0
I (468) cpu_start: Max chip rev:     v3.99 
I (473) cpu_start: Chip rev:         v1.0
I (478) heap_init: Initializing. RAM available for dynamic allocation:
I (485) heap_init: At 3FFAE6E0 len 00001920 (6 KiB): DRAM
I (491) heap_init: At 3FFB7B20 len 000284E0 (161 KiB): DRAM
I (497) heap_init: At 3FFE0440 len 00003AE0 (14 KiB): D/IRAM
I (503) heap_init: At 3FFE4350 len 0001BCB0 (111 KiB): D/IRAM
I (510) heap_init: At 40095C3C len 0000A3C4 (40 KiB): IRAM
I (517) spi_flash: detected chip: generic
I (521) spi_flash: flash io: dio
W (524) spi_flash: Detected size(4096k) larger than the size in the binary image header(2048k). Using the size in the binary image header.
I (538) app_start: Starting scheduler on CPU0
I (543) app_start: Starting scheduler on CPU1
I (543) main_task: Started on CPU0
I (553) main_task: Calling app_main()
EXAMPLE_ESP_WIFI_TRANSITION_DISABLE: 0
EXAMPLE_ESP_WIFI_SAE_PK_MODE: 0
I (593) wifi station: ESP_WIFI_MODE_STA
I (613) wifi:wifi driver task: 3ffbfc40, prio:23, stack:6656, core=0
I (633) wifi:wifi firmware version: 91b9630
I (633) wifi:wifi certification version: v7.0
I (633) wifi:config NVS flash: enabled
I (633) wifi:config nano formating: disabled
I (643) wifi:Init data frame dynamic rx buffer num: 32
I (643) wifi:Init static rx mgmt buffer num: 5
I (653) wifi:Init management short buffer num: 32
I (653) wifi:Init dynamic tx buffer num: 32
I (653) wifi:Init static rx buffer size: 1600
I (663) wifi:Init static rx buffer num: 10
I (663) wifi:Init dynamic rx buffer num: 32
I (673) wifi_init: rx ba win: 6
I (673) wifi_init: tcpip mbox: 32
I (673) wifi_init: udp mbox: 6
I (683) wifi_init: tcp mbox: 6
I (683) wifi_init: tcp tx win: 5744
I (693) wifi_init: tcp rx win: 5744
I (693) wifi_init: tcp mss: 1440
I (693) wifi_init: WiFi IRAM OP enabled
I (703) wifi_init: WiFi RX IRAM OP enabled
I (713) phy_init: phy_version 4780,16b31a7,Sep 22 2023,20:42:16
I (793) wifi:mode : sta (94:b5:55:19:1c:e8)
I (793) wifi:enable tsf
I (793) wifi station: wifi_init_sta finished.
I (803) wifi:new:<1,0>, old:<1,0>, ap:<255,255>, sta:<1,0>, prof:1
I (803) wifi:state: init -> auth (b0)
I (2273) wifi:state: auth -> assoc (0)
I (2273) wifi:state: assoc -> run (10)
I (2333) wifi:connected with Hostapd-AP-P, aid = 1, channel 1, BW20, bssid = 3c:a0:67:80:99:a3
I (2333) wifi:security: WPA3-SAE, phy: bg, rssi: -54
I (2353) wifi:pm start, type: 1

I (2433) wifi:AP's beacon interval = 102400 us, DTIM period = 2
I (3353) esp_netif_handlers: sta ip: 192.168.134.187, mask: 255.255.255.0, gw: 192.168.134.134
I (3353) wifi station: got ip:192.168.134.187
I (3353) wifi station: connected to ap SSID:Hostapd-AP-P password:argoargoargo
I (3363) main_task: Returned from app_main()

